0 verbose cli C:\Program Files\nodejs\node.exe C:\Users\sonaw\AppData\Roaming\npm\node_modules\npm\bin\npm-cli.js
1 info using npm@12.0.2
2 info using node@v24.19.0
3 silly config load:file:C:\Users\sonaw\AppData\Roaming\npm\node_modules\npm\npmrc
4 silly config load:file:C:\Projects\Portfolio\.npmrc
5 silly config load:file:C:\Users\sonaw\.npmrc
6 silly config load:file:C:\Users\sonaw\AppData\Roaming\npm\etc\npmrc
7 verbose title npm install @radix-ui/react-slot class-variance-authority clsx tailwind-merge
8 verbose argv "install" "@radix-ui/react-slot" "class-variance-authority" "clsx" "tailwind-merge" "--save" "--cache" ".npm-cache-local" "--prefer-offline"
9 verbose logfile logs-max:10 dir:C:\Projects\Portfolio\.npm-cache-local\_logs\2026-08-31T19_30_40_891Z-
10 verbose logfile C:\Projects\Portfolio\.npm-cache-local\_logs\2026-08-31T19_30_40_891Z-debug-0.log
11 warn Unknown env config "manage-package-manager-versions". This will error in a future major version of npm. See `npm help npmrc` for supported config options.
12 silly logfile done cleaning log files
13 silly packumentCache heap:2348810240 maxSize:587202560 maxEntrySize:293601280
14 silly idealTree buildDeps
15 silly fetch manifest @radix-ui/react-slot@*
16 silly packumentCache full:https://registry.npmjs.org/@radix-ui%2freact-slot cache-miss
17 http fetch GET 200 https://registry.npmjs.org/npm 706ms
18 http fetch GET 200 https://registry.npmjs.org/@radix-ui%2freact-slot 396ms (cache miss)
19 silly packumentCache full:https://registry.npmjs.org/@radix-ui%2freact-slot set size:undefined disposed:false
20 silly fetch manifest @types/react@^19
21 silly packumentCache full:https://registry.npmjs.org/@types%2freact cache-miss
22 http fetch GET 200 https://registry.npmjs.org/@types%2freact 202ms (cache miss)
23 silly packumentCache full:https://registry.npmjs.org/@types%2freact set size:undefined disposed:false
24 silly fetch manifest react@19.1.0
25 silly packumentCache full:https://registry.npmjs.org/react cache-miss
26 http fetch GET 200 https://registry.npmjs.org/react 315ms (cache miss)
27 silly packumentCache full:https://registry.npmjs.org/react set size:undefined disposed:false
28 silly fetch manifest class-variance-authority@*
29 silly packumentCache full:https://registry.npmjs.org/class-variance-authority cache-miss
30 http fetch GET 200 https://registry.npmjs.org/class-variance-authority 168ms (cache miss)
31 silly packumentCache full:https://registry.npmjs.org/class-variance-authority set size:undefined disposed:false
32 silly fetch manifest clsx@*
33 silly packumentCache full:https://registry.npmjs.org/clsx cache-miss
34 http fetch GET 200 https://registry.npmjs.org/clsx 84ms (cache miss)
35 silly packumentCache full:https://registry.npmjs.org/clsx set size:undefined disposed:false
36 silly fetch manifest tailwind-merge@*
37 silly packumentCache full:https://registry.npmjs.org/tailwind-merge cache-miss
38 http fetch GET 200 https://registry.npmjs.org/tailwind-merge 184ms (cache miss)
39 silly packumentCache full:https://registry.npmjs.org/tailwind-merge set size:undefined disposed:false
40 silly placeDep ROOT @radix-ui/react-slot@1.3.3 OK for: portfolio@0.1.0 want: *
41 silly placeDep ROOT class-variance-authority@0.7.1 OK for: portfolio@0.1.0 want: *
42 silly placeDep ROOT clsx@2.1.1 OK for: portfolio@0.1.0 want: *
43 silly placeDep ROOT tailwind-merge@3.6.0 OK for: portfolio@0.1.0 want: *
44 silly fetch manifest @radix-ui/react-compose-refs@1.1.5
45 silly packumentCache full:https://registry.npmjs.org/@radix-ui%2freact-compose-refs cache-miss
46 silly fetch manifest clsx@^2.1.1
47 silly packumentCache full:https://registry.npmjs.org/clsx cache-miss
48 http cache https://registry.npmjs.org/clsx 38ms (cache hit)
49 silly packumentCache full:https://registry.npmjs.org/clsx set size:42506 disposed:false
50 http fetch GET 200 https://registry.npmjs.org/@radix-ui%2freact-compose-refs 115ms (cache miss)
51 silly packumentCache full:https://registry.npmjs.org/@radix-ui%2freact-compose-refs set size:undefined disposed:false
52 silly fetch manifest @types/react@*
53 silly packumentCache full:https://registry.npmjs.org/@types%2freact cache-miss
54 http cache https://registry.npmjs.org/@types%2freact 29ms (cache hit)
55 silly packumentCache full:https://registry.npmjs.org/@types%2freact set size:2637439 disposed:false
56 silly fetch manifest react@^16.8 || ^17.0 || ^18.0 || ^19.0 || ^19.0.0-rc
57 silly packumentCache full:https://registry.npmjs.org/react cache-miss
58 http cache https://registry.npmjs.org/react 37ms (cache hit)
59 silly packumentCache full:https://registry.npmjs.org/react set size:6931815 disposed:false
60 silly placeDep ROOT @radix-ui/react-compose-refs@1.1.5 OK for: @radix-ui/react-slot@1.3.3 want: 1.1.5
61 silly reify moves {}
62 silly audit bulk request {
62 silly audit   '@alloc/quick-lru': [ '5.2.0' ],
62 silly audit   '@ampproject/remapping': [ '2.3.0' ],
62 silly audit   '@babel/runtime': [ '7.29.7' ],
62 silly audit   '@designcodeio/threeui': [ '1.1.0' ],
62 silly audit   '@emnapi/core': [ '1.4.5' ],
62 silly audit   '@emnapi/runtime': [ '1.11.2' ],
62 silly audit   '@emnapi/wasi-threads': [ '1.0.4' ],
62 silly audit   '@eslint-community/eslint-utils': [ '4.7.0' ],
62 silly audit   'eslint-visitor-keys': [ '3.4.3', '4.2.1' ],
62 silly audit   '@eslint-community/regexpp': [ '4.12.1' ],
62 silly audit   '@eslint/config-array': [ '0.21.0' ],
62 silly audit   '@eslint/config-helpers': [ '0.3.0' ],
62 silly audit   '@eslint/core': [ '0.15.1' ],
62 silly audit   '@eslint/eslintrc': [ '3.3.1' ],
62 silly audit   '@eslint/js': [ '9.32.0' ],
62 silly audit   '@eslint/object-schema': [ '2.1.6' ],
62 silly audit   '@eslint/plugin-kit': [ '0.3.4' ],
62 silly audit   '@humanfs/core': [ '0.19.1' ],
62 silly audit   '@humanfs/node': [ '0.16.6' ],
62 silly audit   '@humanwhocodes/retry': [ '0.3.1', '0.4.3' ],
62 silly audit   '@humanwhocodes/module-importer': [ '1.0.1' ],
62 silly audit   '@img/colour': [ '1.1.0' ],
62 silly audit   '@img/sharp-darwin-arm64': [ '0.34.5' ],
62 silly audit   '@img/sharp-darwin-x64': [ '0.34.5' ],
62 silly audit   '@img/sharp-libvips-darwin-arm64': [ '1.2.4' ],
62 silly audit   '@img/sharp-libvips-darwin-x64': [ '1.2.4' ],
62 silly audit   '@img/sharp-libvips-linux-arm': [ '1.2.4' ],
62 silly audit   '@img/sharp-libvips-linux-arm64': [ '1.2.4' ],
62 silly audit   '@img/sharp-libvips-linux-ppc64': [ '1.2.4' ],
62 silly audit   '@img/sharp-libvips-linux-riscv64': [ '1.2.4' ],
62 silly audit   '@img/sharp-libvips-linux-s390x': [ '1.2.4' ],
62 silly audit   '@img/sharp-libvips-linux-x64': [ '1.2.4' ],
62 silly audit   '@img/sharp-libvips-linuxmusl-arm64': [ '1.2.4' ],
62 silly audit   '@img/sharp-libvips-linuxmusl-x64': [ '1.2.4' ],
62 silly audit   '@img/sharp-linux-arm': [ '0.34.5' ],
62 silly audit   '@img/sharp-linux-arm64': [ '0.34.5' ],
62 silly audit   '@img/sharp-linux-ppc64': [ '0.34.5' ],
62 silly audit   '@img/sharp-linux-riscv64': [ '0.34.5' ],
62 silly audit   '@img/sharp-linux-s390x': [ '0.34.5' ],
62 silly audit   '@img/sharp-linux-x64': [ '0.34.5' ],
62 silly audit   '@img/sharp-linuxmusl-arm64': [ '0.34.5' ],
62 silly audit   '@img/sharp-linuxmusl-x64': [ '0.34.5' ],
62 silly audit   '@img/sharp-wasm32': [ '0.34.5' ],
62 silly audit   '@img/sharp-win32-arm64': [ '0.34.5' ],
62 silly audit   '@img/sharp-win32-ia32': [ '0.34.5' ],
62 silly audit   '@img/sharp-win32-x64': [ '0.34.5' ],
62 silly audit   '@isaacs/fs-minipass': [ '4.0.1' ],
62 silly audit   '@jridgewell/gen-mapping': [ '0.3.12' ],
62 silly audit   '@jridgewell/resolve-uri': [ '3.1.2' ],
62 silly audit   '@jridgewell/sourcemap-codec': [ '1.5.4' ],
62 silly audit   '@jridgewell/trace-mapping': [ '0.3.29' ],
62 silly audit   '@napi-rs/wasm-runtime': [ '0.2.12' ],
62 silly audit   '@next/env': [ '16.2.10' ],
62 silly audit   '@next/eslint-plugin-next': [ '15.4.4' ],
62 silly audit   '@next/swc-darwin-arm64': [ '16.2.10' ],
62 silly audit   '@next/swc-darwin-x64': [ '16.2.10' ],
62 silly audit   '@next/swc-linux-arm64-gnu': [ '16.2.10' ],
62 silly audit   '@next/swc-linux-arm64-musl': [ '16.2.10' ],
62 silly audit   '@next/swc-linux-x64-gnu': [ '16.2.10' ],
62 silly audit   '@next/swc-linux-x64-musl': [ '16.2.10' ],
62 silly audit   '@next/swc-win32-arm64-msvc': [ '16.2.10' ],
62 silly audit   '@next/swc-win32-x64-msvc': [ '16.2.10' ],
62 silly audit   '@nodelib/fs.scandir': [ '2.1.5' ],
62 silly audit   '@nodelib/fs.stat': [ '2.0.5' ],
62 silly audit   '@nodelib/fs.walk': [ '1.2.8' ],
62 silly audit   '@nolyfill/is-core-module': [ '1.0.39' ],
62 silly audit   '@rtsao/scc': [ '1.1.0' ],
62 silly audit   '@rushstack/eslint-patch': [ '1.12.0' ],
62 silly audit   '@swc/helpers': [ '0.5.15' ],
62 silly audit   '@tailwindcss/node': [ '4.1.11' ],
62 silly audit   '@tailwindcss/oxide': [ '4.1.11' ],
62 silly audit   '@tailwindcss/oxide-android-arm64': [ '4.1.11' ],
62 silly audit   '@tailwindcss/oxide-darwin-arm64': [ '4.1.11' ],
62 silly audit   '@tailwindcss/oxide-darwin-x64': [ '4.1.11' ],
62 silly audit   '@tailwindcss/oxide-freebsd-x64': [ '4.1.11' ],
62 silly audit   '@tailwindcss/oxide-linux-arm-gnueabihf': [ '4.1.11' ],
62 silly audit   '@tailwindcss/oxide-linux-arm64-gnu': [ '4.1.11' ],
62 silly audit   '@tailwindcss/oxide-linux-arm64-musl': [ '4.1.11' ],
62 silly audit   '@tailwindcss/oxide-linux-x64-gnu': [ '4.1.11' ],
62 silly audit   '@tailwindcss/oxide-linux-x64-musl': [ '4.1.11' ],
62 silly audit   '@tailwindcss/oxide-wasm32-wasi': [ '4.1.11' ],
62 silly audit   '@tailwindcss/oxide-win32-arm64-msvc': [ '4.1.11' ],
62 silly audit   '@tailwindcss/oxide-win32-x64-msvc': [ '4.1.11' ],
62 silly audit   '@tailwindcss/postcss': [ '4.1.11' ],
62 silly audit   '@tybys/wasm-util': [ '0.10.0' ],
62 silly audit   '@types/estree': [ '1.0.8' ],
62 silly audit   '@types/json-schema': [ '7.0.15' ],
62 silly audit   '@types/json5': [ '0.0.29' ],
62 silly audit   '@types/node': [ '20.19.9' ],
62 silly audit   '@types/react': [ '19.1.9' ],
62 silly audit   '@types/react-dom': [ '19.1.7' ],
62 silly audit   '@typescript-eslint/eslint-plugin': [ '8.38.0' ],
62 silly audit   ignore: [ '7.0.5', '5.3.2' ],
62 silly audit   '@typescript-eslint/parser': [ '8.38.0' ],
62 silly audit   '@typescript-eslint/project-service': [ '8.38.0' ],
62 silly audit   '@typescript-eslint/scope-manager': [ '8.38.0' ],
62 silly audit   '@typescript-eslint/tsconfig-utils': [ '8.38.0' ],
62 silly audit   '@typescript-eslint/type-utils': [ '8.38.0' ],
62 silly audit   '@typescript-eslint/types': [ '8.38.0' ],
62 silly audit   '@typescript-eslint/typescript-estree': [ '8.38.0' ],
62 silly audit   'brace-expansion': [ '2.0.2', '1.1.12' ],
62 silly audit   'fast-glob': [ '3.3.3', '3.3.1' ],
62 silly audit   'glob-parent': [ '5.1.2', '6.0.2' ],
62 silly audit   minimatch: [ '9.0.5', '3.1.2' ],
62 silly audit   '@typescript-eslint/utils': [ '8.38.0' ],
62 silly audit   '@typescript-eslint/visitor-keys': [ '8.38.0' ],
62 silly audit   '@unrs/resolver-binding-android-arm-eabi': [ '1.11.1' ],
62 silly audit   '@unrs/resolver-binding-android-arm64': [ '1.11.1' ],
62 silly audit   '@unrs/resolver-binding-darwin-arm64': [ '1.11.1' ],
62 silly audit   '@unrs/resolver-binding-darwin-x64': [ '1.11.1' ],
62 silly audit   '@unrs/resolver-binding-freebsd-x64': [ '1.11.1' ],
62 silly audit   '@unrs/resolver-binding-linux-arm-gnueabihf': [ '1.11.1' ],
62 silly audit   '@unrs/resolver-binding-linux-arm-musleabihf': [ '1.11.1' ],
62 silly audit   '@unrs/resolver-binding-linux-arm64-gnu': [ '1.11.1' ],
62 silly audit   '@unrs/resolver-binding-linux-arm64-musl': [ '1.11.1' ],
62 silly audit   '@unrs/resolver-binding-linux-ppc64-gnu': [ '1.11.1' ],
62 silly audit   '@unrs/resolver-binding-linux-riscv64-gnu': [ '1.11.1' ],
62 silly audit   '@unrs/resolver-binding-linux-riscv64-musl': [ '1.11.1' ],
62 silly audit   '@unrs/resolver-binding-linux-s390x-gnu': [ '1.11.1' ],
62 silly audit   '@unrs/resolver-binding-linux-x64-gnu': [ '1.11.1' ],
62 silly audit   '@unrs/resolver-binding-linux-x64-musl': [ '1.11.1' ],
62 silly audit   '@unrs/resolver-binding-wasm32-wasi': [ '1.11.1' ],
62 silly audit   '@unrs/resolver-binding-win32-arm64-msvc': [ '1.11.1' ],
62 silly audit   '@unrs/resolver-binding-win32-ia32-msvc': [ '1.11.1' ],
62 silly audit   '@unrs/resolver-binding-win32-x64-msvc': [ '1.11.1' ],
62 silly audit   acorn: [ '8.15.0' ],
62 silly audit   'acorn-jsx': [ '5.3.2' ],
62 silly audit   ajv: [ '6.12.6' ],
62 silly audit   'ansi-styles': [ '4.3.0' ],
62 silly audit   argparse: [ '2.0.1' ],
62 silly audit   'aria-query': [ '5.3.2' ],
62 silly audit   'array-buffer-byte-length': [ '1.0.2' ],
62 silly audit   'array-includes': [ '3.1.9' ],
62 silly audit   'array.prototype.findlast': [ '1.2.5' ],
62 silly audit   'array.prototype.findlastindex': [ '1.2.6' ],
62 silly audit   'array.prototype.flat': [ '1.3.3' ],
62 silly audit   'array.prototype.flatmap': [ '1.3.3' ],
62 silly audit   'array.prototype.tosorted': [ '1.1.4' ],
62 silly audit   'arraybuffer.prototype.slice': [ '1.0.4' ],
62 silly audit   'ast-types-flow': [ '0.0.8' ],
62 silly audit   'async-function': [ '1.0.0' ],
62 silly audit   'available-typed-arrays': [ '1.0.7' ],
62 silly audit   'axe-core': [ '4.10.3' ],
62 silly audit   'axobject-query': [ '4.1.0' ],
62 silly audit   'balanced-match': [ '1.0.2' ],
62 silly audit   'baseline-browser-mapping': [ '2.10.42' ],
62 silly audit   braces: [ '3.0.3' ],
62 silly audit   'call-bind': [ '1.0.8' ],
62 silly audit   'call-bind-apply-helpers': [ '1.0.2' ],
62 silly audit   'call-bound': [ '1.0.4' ],
62 silly audit   callsites: [ '3.1.0' ],
62 silly audit   'caniuse-lite': [ '1.0.30001731' ],
62 silly audit   chalk: [ '4.1.2' ],
62 silly audit   chownr: [ '3.0.0' ],
62 silly audit   'client-only': [ '0.0.1' ],
62 silly audit   'color-convert': [ '2.0.1' ],
62 silly audit   'color-name': [ '1.1.4' ],
62 silly audit   'concat-map': [ '0.0.1' ],
62 silly audit   'cross-spawn': [ '7.0.6' ],
62 silly audit   csstype: [ '3.1.3' ],
62 silly audit   'damerau-levenshtein': [ '1.0.8' ],
62 silly audit   'data-view-buffer': [ '1.0.2' ],
62 silly audit   'data-view-byte-length': [ '1.0.2' ],
62 silly audit   'data-view-byte-offset': [ '1.0.1' ],
62 silly audit   'date-fns': [ '4.1.0' ],
62 silly audit   debug: [ '4.4.1', '3.2.7' ],
62 silly audit   'deep-is': [ '0.1.4' ],
62 silly audit   'define-data-property': [ '1.1.4' ],
62 silly audit   'define-properties': [ '1.2.1' ],
62 silly audit   'detect-libc': [ '2.1.2' ],
62 silly audit   doctrine: [ '2.1.0' ],
62 silly audit   'dunder-proto': [ '1.0.1' ],
62 silly audit   'emoji-regex': [ '9.2.2' ],
62 silly audit   'enhanced-resolve': [ '5.18.2' ],
62 silly audit   'es-abstract': [ '1.24.0' ],
62 silly audit   'es-define-property': [ '1.0.1' ],
62 silly audit   'es-errors': [ '1.3.0' ],
62 silly audit   'es-iterator-helpers': [ '1.2.1' ],
62 silly audit   'es-object-atoms': [ '1.1.1' ],
62 silly audit   'es-set-tostringtag': [ '2.1.0' ],
62 silly audit   'es-shim-unscopables': [ '1.1.0' ],
62 silly audit   'es-to-primitive': [ '1.3.0' ],
62 silly audit   'escape-string-regexp': [ '4.0.0' ],
62 silly audit   eslint: [ '9.32.0' ],
62 silly audit   'eslint-config-next': [ '15.4.4' ],
62 silly audit   'eslint-import-resolver-node': [ '0.3.9' ],
62 silly audit   'eslint-import-resolver-typescript': [ '3.10.1' ],
62 silly audit   'eslint-module-utils': [ '2.12.1' ],
62 silly audit   'eslint-plugin-import': [ '2.32.0' ],
62 silly audit   semver: [ '6.3.1', '7.8.5' ],
62 silly audit   'eslint-plugin-jsx-a11y': [ '6.10.2' ],
62 silly audit   'eslint-plugin-react': [ '7.37.5' ],
62 silly audit   'eslint-plugin-react-hooks': [ '5.2.0' ],
62 silly audit   resolve: [ '2.0.0-next.5', '1.22.10' ],
62 silly audit   'eslint-scope': [ '8.4.0' ],
62 silly audit   espree: [ '10.4.0' ],
62 silly audit   esquery: [ '1.6.0' ],
62 silly audit   esrecurse: [ '4.3.0' ],
62 silly audit   estraverse: [ '5.3.0' ],
62 silly audit   esutils: [ '2.0.3' ],
62 silly audit   'fast-deep-equal': [ '3.1.3' ],
62 silly audit   'fast-json-stable-stringify': [ '2.1.0' ],
62 silly audit   'fast-levenshtein': [ '2.0.6' ],
62 silly audit   fastq: [ '1.19.1' ],
62 silly audit   'file-entry-cache': [ '8.0.0' ],
62 silly audit   'fill-range': [ '7.1.1' ],
62 silly audit   'find-up': [ '5.0.0' ],
62 silly audit   'flat-cache': [ '4.0.1' ],
62 silly audit   flatted: [ '3.3.3' ],
62 silly audit   'for-each': [ '0.3.5' ],
62 silly audit   'framer-motion': [ '12.23.11' ],
62 silly audit   'function-bind': [ '1.1.2' ],
62 silly audit   'function.prototype.name': [ '1.1.8' ],
62 silly audit   'functions-have-names': [ '1.2.3' ],
62 silly audit   'get-intrinsic': [ '1.3.0' ],
62 silly audit   'get-proto': [ '1.0.1' ],
62 silly audit   'get-symbol-description': [ '1.1.0' ],
62 silly audit   'get-tsconfig': [ '4.10.1' ],
62 silly audit   globals: [ '14.0.0' ],
62 silly audit   globalthis: [ '1.0.4' ],
62 silly audit   gopd: [ '1.2.0' ],
62 silly audit   'graceful-fs': [ '4.2.11' ],
62 silly audit   graphemer: [ '1.4.0' ],
62 silly audit   'has-bigints': [ '1.1.0' ],
62 silly audit   'has-flag': [ '4.0.0' ],
62 silly audit   'has-property-descriptors': [ '1.0.2' ],
62 silly audit   'has-proto': [ '1.2.0' ],
62 silly audit   'has-symbols': [ '1.1.0' ],
62 silly audit   'has-tostringtag': [ '1.0.2' ],
62 silly audit   hasown: [ '2.0.2' ],
62 silly audit   'import-fresh': [ '3.3.1' ],
62 silly audit   imurmurhash: [ '0.1.4' ],
62 silly audit   'internal-slot': [ '1.1.0' ],
62 silly audit   'is-array-buffer': [ '3.0.5' ],
62 silly audit   'is-async-function': [ '2.1.1' ],
62 silly audit   'is-bigint': [ '1.1.0' ],
62 silly audit   'is-boolean-object': [ '1.2.2' ],
62 silly audit   'is-bun-module': [ '2.0.0' ],
62 silly audit   'is-callable': [ '1.2.7' ],
62 silly audit   'is-core-module': [ '2.16.1' ],
62 silly audit   'is-data-view': [ '1.0.2' ],
62 silly audit   'is-date-object': [ '1.1.0' ],
62 silly audit   'is-extglob': [ '2.1.1' ],
62 silly audit   'is-finalizationregistry': [ '1.1.1' ],
62 silly audit   'is-generator-function': [ '1.1.0' ],
62 silly audit   'is-glob': [ '4.0.3' ],
62 silly audit   'is-map': [ '2.0.3' ],
62 silly audit   'is-negative-zero': [ '2.0.3' ],
62 silly audit   'is-number': [ '7.0.0' ],
62 silly audit   'is-number-object': [ '1.1.1' ],
62 silly audit   'is-regex': [ '1.2.1' ],
62 silly audit   'is-set': [ '2.0.3' ],
62 silly audit   'is-shared-array-buffer': [ '1.0.4' ],
62 silly audit   'is-string': [ '1.1.1' ],
62 silly audit   'is-symbol': [ '1.1.1' ],
62 silly audit   'is-typed-array': [ '1.1.15' ],
62 silly audit   'is-weakmap': [ '2.0.2' ],
62 silly audit   'is-weakref': [ '1.1.1' ],
62 silly audit   'is-weakset': [ '2.0.4' ],
62 silly audit   isarray: [ '2.0.5' ],
62 silly audit   isexe: [ '2.0.0' ],
62 silly audit   'iterator.prototype': [ '1.1.5' ],
62 silly audit   jiti: [ '2.5.1' ],
62 silly audit   'js-tokens': [ '4.0.0' ],
62 silly audit   'js-yaml': [ '4.1.0' ],
62 silly audit   'json-buffer': [ '3.0.1' ],
62 silly audit   'json-schema-traverse': [ '0.4.1' ],
62 silly audit   'json-stable-stringify-without-jsonify': [ '1.0.1' ],
62 silly audit   json5: [ '1.0.2' ],
62 silly audit   'jsx-ast-utils': [ '3.3.5' ],
62 silly audit   keyv: [ '4.5.4' ],
62 silly audit   'language-subtag-registry': [ '0.3.23' ],
62 silly audit   'language-tags': [ '1.0.9' ],
62 silly audit   levn: [ '0.4.1' ],
62 silly audit   lightningcss: [ '1.30.1' ],
62 silly audit   'lightningcss-darwin-arm64': [ '1.30.1' ],
62 silly audit   'lightningcss-darwin-x64': [ '1.30.1' ],
62 silly audit   'lightningcss-freebsd-x64': [ '1.30.1' ],
62 silly audit   'lightningcss-linux-arm-gnueabihf': [ '1.30.1' ],
62 silly audit   'lightningcss-linux-arm64-gnu': [ '1.30.1' ],
62 silly audit   'lightningcss-linux-arm64-musl': [ '1.30.1' ],
62 silly audit   'lightningcss-linux-x64-gnu': [ '1.30.1' ],
62 silly audit   'lightningcss-linux-x64-musl': [ '1.30.1' ],
62 silly audit   'lightningcss-win32-arm64-msvc': [ '1.30.1' ],
62 silly audit   'lightningcss-win32-x64-msvc': [ '1.30.1' ],
62 silly audit   'locate-path': [ '6.0.0' ],
62 silly audit   'lodash.merge': [ '4.6.2' ],
62 silly audit   'loose-envify': [ '1.4.0' ],
62 silly audit   'magic-string': [ '0.30.17' ],
62 silly audit   'math-intrinsics': [ '1.1.0' ],
62 silly audit   merge2: [ '1.4.1' ],
62 silly audit   micromatch: [ '4.0.8' ],
62 silly audit   minimist: [ '1.2.8' ],
62 silly audit   minipass: [ '7.1.2' ],
62 silly audit   minizlib: [ '3.0.2' ],
62 silly audit   mkdirp: [ '3.0.1' ],
62 silly audit   'motion-dom': [ '12.23.9' ],
62 silly audit   'motion-utils': [ '12.23.6' ],
62 silly audit   ms: [ '2.1.3' ],
62 silly audit   nanoid: [ '3.3.11' ],
62 silly audit   'napi-postinstall': [ '0.3.2' ],
62 silly audit   'natural-compare': [ '1.4.0' ],
62 silly audit   next: [ '16.2.10' ],
62 silly audit   postcss: [ '8.4.31', '8.5.6' ],
62 silly audit   'object-assign': [ '4.1.1' ],
62 silly audit   'object-inspect': [ '1.13.4' ],
62 silly audit   'object-keys': [ '1.1.1' ],
62 silly audit   'object.assign': [ '4.1.7' ],
62 silly audit   'object.entries': [ '1.1.9' ],
62 silly audit   'object.fromentries': [ '2.0.8' ],
62 silly audit   'object.groupby': [ '1.0.3' ],
62 silly audit   'object.values': [ '1.2.1' ],
62 silly audit   optionator: [ '0.9.4' ],
62 silly audit   'own-keys': [ '1.0.1' ],
62 silly audit   'p-limit': [ '3.1.0' ],
62 silly audit   'p-locate': [ '5.0.0' ],
62 silly audit   'parent-module': [ '1.0.1' ],
62 silly audit   'path-exists': [ '4.0.0' ],
62 silly audit   'path-key': [ '3.1.1' ],
62 silly audit   'path-parse': [ '1.0.7' ],
62 silly audit   picocolors: [ '1.1.1' ],
62 silly audit   picomatch: [ '2.3.1', '4.0.3' ],
62 silly audit   'possible-typed-array-names': [ '1.1.0' ],
62 silly audit   'prelude-ls': [ '1.2.1' ],
62 silly audit   'prop-types': [ '15.8.1' ],
62 silly audit   punycode: [ '2.3.1' ],
62 silly audit   'queue-microtask': [ '1.2.3' ],
62 silly audit   react: [ '19.1.0' ],
62 silly audit   'react-activity-calendar': [ '2.7.13' ],
62 silly audit   'react-dom': [ '19.1.0' ],
62 silly audit   'react-github-calendar': [ '4.5.9' ],
62 silly audit   'react-icons': [ '5.5.0' ],
62 silly audit   'react-is': [ '16.13.1' ],
62 silly audit   'react-mdr': [ '0.1.5' ],
62 silly audit   'reflect.getprototypeof': [ '1.0.10' ],
62 silly audit   'regexp.prototype.flags': [ '1.5.4' ],
62 silly audit   'resolve-from': [ '4.0.0' ],
62 silly audit   'resolve-pkg-maps': [ '1.0.0' ],
62 silly audit   reusify: [ '1.1.0' ],
62 silly audit   'run-parallel': [ '1.2.0' ],
62 silly audit   'safe-array-concat': [ '1.1.3' ],
62 silly audit   'safe-push-apply': [ '1.0.0' ],
62 silly audit   'safe-regex-test': [ '1.1.0' ],
62 silly audit   scheduler: [ '0.26.0' ],
62 silly audit   'set-function-length': [ '1.2.2' ],
62 silly audit   'set-function-name': [ '2.0.2' ],
62 silly audit   'set-proto': [ '1.0.0' ],
62 silly audit   sharp: [ '0.34.5' ],
62 silly audit   'shebang-command': [ '2.0.0' ],
62 silly audit   'shebang-regex': [ '3.0.0' ],
62 silly audit   'side-channel': [ '1.1.0' ],
62 silly audit   'side-channel-list': [ '1.0.0' ],
62 silly audit   'side-channel-map': [ '1.0.1' ],
62 silly audit   'side-channel-weakmap': [ '1.0.2' ],
62 silly audit   'source-map-js': [ '1.2.1' ],
62 silly audit   'stable-hash': [ '0.0.5' ],
62 silly audit   'stop-iteration-iterator': [ '1.1.0' ],
62 silly audit   'string.prototype.includes': [ '2.0.1' ],
62 silly audit   'string.prototype.matchall': [ '4.0.12' ],
62 silly audit   'string.prototype.repeat': [ '1.0.0' ],
62 silly audit   'string.prototype.trim': [ '1.2.10' ],
62 silly audit   'string.prototype.trimend': [ '1.0.9' ],
62 silly audit   'string.prototype.trimstart': [ '1.0.8' ],
62 silly audit   'strip-bom': [ '3.0.0' ],
62 silly audit   'strip-json-comments': [ '3.1.1' ],
62 silly audit   'styled-jsx': [ '5.1.6' ],
62 silly audit   'supports-color': [ '7.2.0' ],
62 silly audit   'supports-preserve-symlinks-flag': [ '1.0.0' ],
62 silly audit   tailwindcss: [ '4.1.11' ],
62 silly audit   tapable: [ '2.2.2' ],
62 silly audit   tar: [ '7.4.3' ],
62 silly audit   three: [ '0.185.1', '0.128.0', '0.165.0' ],
62 silly audit   tinyglobby: [ '0.2.14' ],
62 silly audit   fdir: [ '6.4.6' ],
62 silly audit   'to-regex-range': [ '5.0.1' ],
62 silly audit   'ts-api-utils': [ '2.1.0' ],
62 silly audit   'tsconfig-paths': [ '3.15.0' ],
62 silly audit   tslib: [ '2.8.1' ],
62 silly audit   'type-check': [ '0.4.0' ],
62 silly audit   'typed-array-buffer': [ '1.0.3' ],
62 silly audit   'typed-array-byte-length': [ '1.0.3' ],
62 silly audit   'typed-array-byte-offset': [ '1.0.4' ],
62 silly audit   'typed-array-length': [ '1.0.7' ],
62 silly audit   typescript: [ '5.8.3' ],
62 silly audit   'unbox-primitive': [ '1.1.0' ],
62 silly audit   'undici-types': [ '6.21.0' ],
62 silly audit   'unrs-resolver': [ '1.11.1' ],
62 silly audit   'uri-js': [ '4.4.1' ],
62 silly audit   which: [ '2.0.2' ],
62 silly audit   'which-boxed-primitive': [ '1.1.1' ],
62 silly audit   'which-builtin-type': [ '1.2.1' ],
62 silly audit   'which-collection': [ '1.0.2' ],
62 silly audit   'which-typed-array': [ '1.1.19' ],
62 silly audit   'word-wrap': [ '1.2.5' ],
62 silly audit   yallist: [ '5.0.0' ],
62 silly audit   'yocto-queue': [ '0.1.0' ],
62 silly audit   '@radix-ui/react-slot': [ '1.3.3' ],
62 silly audit   'class-variance-authority': [ '0.7.1' ],
62 silly audit   clsx: [ '2.1.1' ],
62 silly audit   'tailwind-merge': [ '3.6.0' ],
62 silly audit   '@radix-ui/react-compose-refs': [ '1.1.5' ]
62 silly audit }
63 http cache @radix-ui/react-compose-refs@https://registry.npmjs.org/@radix-ui/react-compose-refs/-/react-compose-refs-1.1.5.tgz 0ms (cache hit)
64 http cache tailwind-merge@https://registry.npmjs.org/tailwind-merge/-/tailwind-merge-3.6.0.tgz 0ms (cache hit)
65 http cache clsx@https://registry.npmjs.org/clsx/-/clsx-2.1.1.tgz 0ms (cache hit)
66 http cache class-variance-authority@https://registry.npmjs.org/class-variance-authority/-/class-variance-authority-0.7.1.tgz 0ms (cache hit)
67 silly tarball no local data for @radix-ui/react-compose-refs@https://registry.npmjs.org/@radix-ui/react-compose-refs/-/react-compose-refs-1.1.5.tgz. Extracting by manifest.
68 silly tarball no local data for tailwind-merge@https://registry.npmjs.org/tailwind-merge/-/tailwind-merge-3.6.0.tgz. Extracting by manifest.
69 silly tarball no local data for clsx@https://registry.npmjs.org/clsx/-/clsx-2.1.1.tgz. Extracting by manifest.
70 http cache @radix-ui/react-slot@https://registry.npmjs.org/@radix-ui/react-slot/-/react-slot-1.3.3.tgz 0ms (cache hit)
71 silly tarball no local data for class-variance-authority@https://registry.npmjs.org/class-variance-authority/-/class-variance-authority-0.7.1.tgz. Extracting by manifest.
72 silly tarball no local data for @radix-ui/react-slot@https://registry.npmjs.org/@radix-ui/react-slot/-/react-slot-1.3.3.tgz. Extracting by manifest.
73 http fetch POST 200 https://registry.npmjs.org/-/npm/v1/security/advisories/bulk 356ms
74 silly audit report {
74 silly audit report   'brace-expansion': [
74 silly audit report     {
74 silly audit report       id: 1130588,
74 silly audit report       url: 'https://github.com/advisories/GHSA-mh99-v99m-4gvg',
74 silly audit report       title: 'brace-expansion: DoS via unbounded expansion length causing an out-of-memory process crash',
74 silly audit report       severity: 'high',
74 silly audit report       vulnerable_versions: '<1.1.17',
74 silly audit report       cwe: [Array],
74 silly audit report       cvss: [Object]
74 silly audit report     },
74 silly audit report     {
74 silly audit report       id: 1130589,
74 silly audit report       url: 'https://github.com/advisories/GHSA-mh99-v99m-4gvg',
74 silly audit report       title: 'brace-expansion: DoS via unbounded expansion length causing an out-of-memory process crash',
74 silly audit report       severity: 'high',
74 silly audit report       vulnerable_versions: '>=2.0.0 <2.1.3',
74 silly audit report       cwe: [Array],
74 silly audit report       cvss: [Object]
74 silly audit report     },
74 silly audit report     {
74 silly audit report       id: 1130736,
74 silly audit report       url: 'https://github.com/advisories/GHSA-rgw5-rvv9-x895',
74 silly audit report       title: 'brace-expansion: DoS via unbounded intermediate arrays, bypassing the CVE-2026-14257 mitigation',
74 silly audit report       severity: 'high',
74 silly audit report       vulnerable_versions: '>=2.0.0 <2.1.4',
74 silly audit report       cwe: [Array],
74 silly audit report       cvss: [Object]
74 silly audit report     },
74 silly audit report     {
74 silly audit report       id: 1130737,
74 silly audit report       url: 'https://github.com/advisories/GHSA-rgw5-rvv9-x895',
74 silly audit report       title: 'brace-expansion: DoS via unbounded intermediate arrays, bypassing the CVE-2026-14257 mitigation',
74 silly audit report       severity: 'high',
74 silly audit report       vulnerable_versions: '<1.1.18',
74 silly audit report       cwe: [Array],
74 silly audit report       cvss: [Object]
74 silly audit report     },
74 silly audit report     {
74 silly audit report       id: 1115540,
74 silly audit report       url: 'https://github.com/advisories/GHSA-f886-m6hf-6m8v',
74 silly audit report       title: 'brace-expansion: Zero-step sequence causes process hang and memory exhaustion',
74 silly audit report       severity: 'moderate',
74 silly audit report       vulnerable_versions: '<1.1.13',
74 silly audit report       cwe: [Array],
74 silly audit report       cvss: [Object]
74 silly audit report     },
74 silly audit report     {
74 silly audit report       id: 1115541,
74 silly audit report       url: 'https://github.com/advisories/GHSA-f886-m6hf-6m8v',
74 silly audit report       title: 'brace-expansion: Zero-step sequence causes process hang and memory exhaustion',
74 silly audit report       severity: 'moderate',
74 silly audit report       vulnerable_versions: '>=2.0.0 <2.0.3',
74 silly audit report       cwe: [Array],
74 silly audit report       cvss: [Object]
74 silly audit report     },
74 silly audit report     {
74 silly audit report       id: 1123896,
74 silly audit report       url: 'https://github.com/advisories/GHSA-3jxr-9vmj-r5cp',
74 silly audit report       title: 'brace-expansion: DoS via exponential-time expansion of consecutive non-expanding {} groups',
74 silly audit report       severity: 'high',
74 silly audit report       vulnerable_versions: '>=2.0.0 <2.1.2',
74 silly audit report       cwe: [Array],
74 silly audit report       cvss: [Object]
74 silly audit report     },
74 silly audit report     {
74 silly audit report       id: 1123897,
74 silly audit report       url: 'https://github.com/advisories/GHSA-3jxr-9vmj-r5cp',
74 silly audit report       title: 'brace-expansion: DoS via exponential-time expansion of consecutive non-expanding {} groups',
74 silly audit report       severity: 'high',
74 silly audit report       vulnerable_versions: '<1.1.16',
74 silly audit report       cwe: [Array],
74 silly audit report       cvss: [Object]
74 silly audit report     }
74 silly audit report   ],
74 silly audit report   minimatch: [
74 silly audit report     {
74 silly audit report       id: 1113459,
74 silly audit report       url: 'https://github.com/advisories/GHSA-3ppc-4f35-3m26',
74 silly audit report       title: 'minimatch has a ReDoS via repeated wildcards with non-matching literal in pattern',
74 silly audit report       severity: 'high',
74 silly audit report       vulnerable_versions: '<3.1.3',
74 silly audit report       cwe: [Array],
74 silly audit report       cvss: [Object]
74 silly audit report     },
74 silly audit report     {
74 silly audit report       id: 1113465,
74 silly audit report       url: 'https://github.com/advisories/GHSA-3ppc-4f35-3m26',
74 silly audit report       title: 'minimatch has a ReDoS via repeated wildcards with non-matching literal in pattern',
74 silly audit report       severity: 'high',
74 silly audit report       vulnerable_versions: '>=9.0.0 <9.0.6',
74 silly audit report       cwe: [Array],
74 silly audit report       cvss: [Object]
74 silly audit report     },
74 silly audit report     {
74 silly audit report       id: 1113538,
74 silly audit report       url: 'https://github.com/advisories/GHSA-7r86-cg39-jmmj',
74 silly audit report       title: 'minimatch has ReDoS: matchOne() combinatorial backtracking via multiple non-adjacent GLOBSTAR segments',
74 silly audit report       severity: 'high',
74 silly audit report       vulnerable_versions: '<3.1.3',
74 silly audit report       cwe: [Array],
74 silly audit report       cvss: [Object]
74 silly audit report     },
74 silly audit report     {
74 silly audit report       id: 1113544,
74 silly audit report       url: 'https://github.com/advisories/GHSA-7r86-cg39-jmmj',
74 silly audit report       title: 'minimatch has ReDoS: matchOne() combinatorial backtracking via multiple non-adjacent GLOBSTAR segments',
74 silly audit report       severity: 'high',
74 silly audit report       vulnerable_versions: '>=9.0.0 <9.0.7',
74 silly audit report       cwe: [Array],
74 silly audit report       cvss: [Object]
74 silly audit report     },
74 silly audit report     {
74 silly audit report       id: 1113546,
74 silly audit report       url: 'https://github.com/advisories/GHSA-23c5-xmqv-rm74',
74 silly audit report       title: 'minimatch ReDoS: nested *() extglobs generate catastrophically backtracking regular expressions',
74 silly audit report       severity: 'high',
74 silly audit report       vulnerable_versions: '<3.1.4',
74 silly audit report       cwe: [Array],
74 silly audit report       cvss: [Object]
74 silly audit report     },
74 silly audit report     {
74 silly audit report       id: 1113552,
74 silly audit report       url: 'https://github.com/advisories/GHSA-23c5-xmqv-rm74',
74 silly audit report       title: 'minimatch ReDoS: nested *() extglobs generate catastrophically backtracking regular expressions',
74 silly audit report       severity: 'high',
74 silly audit report       vulnerable_versions: '>=9.0.0 <9.0.7',
74 silly audit report       cwe: [Array],
74 silly audit report       cvss: [Object]
74 silly audit report     }
74 silly audit report   ],
74 silly audit report   ajv: [
74 silly audit report     {
74 silly audit report       id: 1113714,
74 silly audit report       url: 'https://github.com/advisories/GHSA-2g4f-4pwh-qvx6',
74 silly audit report       title: 'ajv has ReDoS when using `$data` option',
74 silly audit report       severity: 'moderate',
74 silly audit report       vulnerable_versions: '<6.14.0',
74 silly audit report       cwe: [Array],
74 silly audit report       cvss: [Object]
74 silly audit report     }
74 silly audit report   ],
74 silly audit report   flatted: [
74 silly audit report     {
74 silly audit report       id: 1114526,
74 silly audit report       url: 'https://github.com/advisories/GHSA-25h7-pfq9-p65f',
74 silly audit report       title: 'flatted vulnerable to unbounded recursion DoS in parse() revive phase',
74 silly audit report       severity: 'high',
74 silly audit report       vulnerable_versions: '<3.4.0',
74 silly audit report       cwe: [Array],
74 silly audit report       cvss: [Object]
74 silly audit report     },
74 silly audit report     {
74 silly audit report       id: 1115357,
74 silly audit report       url: 'https://github.com/advisories/GHSA-rf6f-7fwh-wjgh',
74 silly audit report       title: 'Prototype Pollution via parse() in NodeJS flatted',
74 silly audit report       severity: 'high',
74 silly audit report       vulnerable_versions: '<=3.4.1',
74 silly audit report       cwe: [Array],
74 silly audit report       cvss: [Object]
74 silly audit report     }
74 silly audit report   ],
74 silly audit report   'js-yaml': [
74 silly audit report     {
74 silly audit report       id: 1112715,
74 silly audit report       url: 'https://github.com/advisories/GHSA-mh29-5h37-fv8m',
74 silly audit report       title: 'js-yaml has prototype pollution in merge (<<)',
74 silly audit report       severity: 'moderate',
74 silly audit report       vulnerable_versions: '>=4.0.0 <4.1.1',
74 silly audit report       cwe: [Array],
74 silly audit report       cvss: [Object]
74 silly audit report     },
74 silly audit report     {
74 silly audit report       id: 1121860,
74 silly audit report       url: 'https://github.com/advisories/GHSA-h67p-54hq-rp68',
74 silly audit report       title: 'JS-YAML: Quadratic-complexity DoS in merge key handling via repeated aliases',
74 silly audit report       severity: 'moderate',
74 silly audit report       vulnerable_versions: '>=4.0.0 <=4.1.1',
74 silly audit report       cwe: [Array],
74 silly audit report       cvss: [Object]
74 silly audit report     },
74 silly audit report     {
74 silly audit report       id: 1123911,
74 silly audit report       url: 'https://github.com/advisories/GHSA-52cp-r559-cp3m',
74 silly audit report       title: 'js-yaml: YAML merge-key chains can force quadratic CPU consumption',
74 silly audit report       severity: 'high',
74 silly audit report       vulnerable_versions: '>=4.0.0 <4.3.0',
74 silly audit report       cwe: [Array],
74 silly audit report       cvss: [Object]
74 silly audit report     },
74 silly audit report     {
74 silly audit report       id: 1138115,
74 silly audit report       url: 'https://github.com/advisories/GHSA-5p4m-2wfm-xmqj',
74 silly audit report       title: 'JS-YAML: Quadratic CPU consumption in !!omap resolution (3.x and 4.x) — CVE-2026-59870 fix not backported',
74 silly audit report       severity: 'high',
74 silly audit report       vulnerable_versions: '>=4.0.0 <4.3.1',
74 silly audit report       cwe: [Array],
74 silly audit report       cvss: [Object]
74 silly audit report     }
74 silly audit report   ],
74 silly audit report   nanoid: [
74 silly audit report     {
74 silly audit report       id: 1138811,
74 silly audit report       url: 'https://github.com/advisories/GHSA-28wg-ghj8-5hjv',
74 silly audit report       title: 'nanoid: non-secure generators can loop indefinitely with negative size',
74 silly audit report       severity: 'high',
74 silly audit report       vulnerable_versions: '<3.3.16',
74 silly audit report       cwe: [Array],
74 silly audit report       cvss: [Object]
74 silly audit report     },
74 silly audit report     {
74 silly audit report       id: 1139427,
74 silly audit report       url: 'https://github.com/advisories/GHSA-2v37-7h3g-55p8',
74 silly audit report       title: 'nanoid: custom generators can loop indefinitely when size is zero',
74 silly audit report       severity: 'high',
74 silly audit report       vulnerable_versions: '<3.3.18',
74 silly audit report       cwe: [Array],
74 silly audit report       cvss: [Object]
74 silly audit report     }
74 silly audit report   ],
74 silly audit report   next: [
74 silly audit report     {
74 silly audit report       id: 1124184,
74 silly audit report       url: 'https://github.com/advisories/GHSA-89xv-2m56-2m9x',
74 silly audit report       title: 'Next.js: Server-Side Request Forgery in Server Actions on custom servers',
74 silly audit report       severity: 'high',
74 silly audit report       vulnerable_versions: '>=16.0.0 <16.2.11',
74 silly audit report       cwe: [Array],
74 silly audit report       cvss: [Object]
74 silly audit report     },
74 silly audit report     {
74 silly audit report       id: 1124186,
74 silly audit report       url: 'https://github.com/advisories/GHSA-68g3-v927-f742',
74 silly audit report       title: 'Next.js: Cache confusion of response bodies for requests with bodies',
74 silly audit report       severity: 'moderate',
74 silly audit report       vulnerable_versions: '>=16.0.0 <16.2.11',
74 silly audit report       cwe: [Array],
74 silly audit report       cvss: [Object]
74 silly audit report     },
74 silly audit report     {
74 silly audit report       id: 1124170,
74 silly audit report       url: 'https://github.com/advisories/GHSA-6gpp-xcg3-4w24',
74 silly audit report       title: 'Next.js: Middleware / Proxy bypass in App Router applications using Turbopack and single locale',
74 silly audit report       severity: 'high',
74 silly audit report       vulnerable_versions: '>=16.0.0 <16.2.11',
74 silly audit report       cwe: [Array],
74 silly audit report       cvss: [Object]
74 silly audit report     },
74 silly audit report     {
74 silly audit report       id: 1124171,
74 silly audit report       url: 'https://github.com/advisories/GHSA-m99w-x7hq-7vfj',
74 silly audit report       title: 'Next.js: Denial of Service in App Router using Server Actions',
74 silly audit report       severity: 'high',
74 silly audit report       vulnerable_versions: '>=16.0.0 <16.2.11',
74 silly audit report       cwe: [Array],
74 silly audit report       cvss: [Object]
74 silly audit report     },
74 silly audit report     {
74 silly audit report       id: 1124188,
74 silly audit report       url: 'https://github.com/advisories/GHSA-4633-3j49-mh5q',
74 silly audit report       title: 'Next.js: Cache confusion of response bodies for requests with bodies containing invalid UTF-8 byte sequences',
74 silly audit report       severity: 'moderate',
74 silly audit report       vulnerable_versions: '>=16.0.0 <16.2.11',
74 silly audit report       cwe: [Array],
74 silly audit report       cvss: [Object]
74 silly audit report     },
74 silly audit report     {
74 silly audit report       id: 1124190,
74 silly audit report       url: 'https://github.com/advisories/GHSA-4c39-4ccg-62r3',
74 silly audit report       title: 'Next.js: Unbounded Server Action payload in Edge runtime',
74 silly audit report       severity: 'moderate',
74 silly audit report       vulnerable_versions: '>=16.0.0 <16.2.11',
74 silly audit report       cwe: [Array],
74 silly audit report       cvss: [Object]
74 silly audit report     },
74 silly audit report     {
74 silly audit report       id: 1124192,
74 silly audit report       url: 'https://github.com/advisories/GHSA-p9j2-gv94-2wf4',
74 silly audit report       title: 'Next.js: Server-Side Request Forgery in rewrites via attacker-controlled destination hostname',
74 silly audit report       severity: 'high',
74 silly audit report       vulnerable_versions: '>=16.0.0 <16.2.11',
74 silly audit report       cwe: [Array],
74 silly audit report       cvss: [Object]
74 silly audit report     },
74 silly audit report     {
74 silly audit report       id: 1124194,
74 silly audit report       url: 'https://github.com/advisories/GHSA-q8wf-6r8g-63ch',
74 silly audit report       title: 'Next.js: Denial of Service in the Image Optimization API using SVGs',
74 silly audit report       severity: 'moderate',
74 silly audit report       vulnerable_versions: '>=16.0.0 <16.2.11',
74 silly audit report       cwe: [Array],
74 silly audit report       cvss: [Object]
74 silly audit report     },
74 silly audit report     {
74 silly audit report       id: 1124196,
74 silly audit report       url: 'https://github.com/advisories/GHSA-955p-x3mx-jcvp',
74 silly audit report       title: 'Next.js: Unauthenticated disclosure of internal Server Function endpoints',
74 silly audit report       severity: 'moderate',
74 silly audit report       vulnerable_versions: '>=16.0.0 <16.2.11',
74 silly audit report       cwe: [Array],
74 silly audit report       cvss: [Object]
74 silly audit report     }
74 silly audit report   ],
74 silly audit report   postcss: [
74 silly audit report     {
74 silly audit report       id: 1130709,
74 silly audit report       url: 'https://github.com/advisories/GHSA-fxqj-rqcc-2cmp',
74 silly audit report       title: 'PostCSS: incomplete fix of GHSA-6g55-p6wh-862q — attacker-controlled sourceMappingURL reads arbitrary .map files when `from` is unset',
74 silly audit report       severity: 'moderate',
74 silly audit report       vulnerable_versions: '<=8.5.22',
74 silly audit report       cwe: [Array],
74 silly audit report       cvss: [Object]
74 silly audit report     },
74 silly audit report     {
74 silly audit report       id: 1117015,
74 silly audit report       url: 'https://github.com/advisories/GHSA-qx2v-qp2m-jg93',
74 silly audit report       title: 'PostCSS has XSS via Unescaped </style> in its CSS Stringify Output',
74 silly audit report       severity: 'moderate',
74 silly audit report       vulnerable_versions: '<8.5.10',
74 silly audit report       cwe: [Array],
74 silly audit report       cvss: [Object]
74 silly audit report     },
74 silly audit report     {
74 silly audit report       id: 1124252,
74 silly audit report       url: 'https://github.com/advisories/GHSA-6g55-p6wh-862q',
74 silly audit report       title: 'PostCSS: Arbitrary file read and information disclosure via attacker-controlled sourceMappingURL in CSS comments',
74 silly audit report       severity: 'high',
74 silly audit report       vulnerable_versions: '<=8.5.11',
74 silly audit report       cwe: [Array],
74 silly audit report       cvss: [Object]
74 silly audit report     },
74 silly audit report     {
74 silly audit report       id: 1139510,
74 silly audit report       url: 'https://github.com/advisories/GHSA-r28c-9q8g-f849',
74 silly audit report       title: 'PostCSS: Path Traversal in Previous Source Map Auto-Loading (sourceMappingURL) leads to Arbitrary .map File Disclosure',
74 silly audit report       severity: 'high',
74 silly audit report       vulnerable_versions: '<=8.5.17',
74 silly audit report       cwe: [Array],
74 silly audit report       cvss: [Object]
74 silly audit report     }
74 silly audit report   ],
74 silly audit report   picomatch: [
74 silly audit report     {
74 silly audit report       id: 1115549,
74 silly audit report       url: 'https://github.com/advisories/GHSA-3v7f-55p6-f55p',
74 silly audit report       title: 'Picomatch: Method Injection in POSIX Character Classes causes incorrect Glob Matching',
74 silly audit report       severity: 'moderate',
74 silly audit report       vulnerable_versions: '<2.3.2',
74 silly audit report       cwe: [Array],
74 silly audit report       cvss: [Object]
74 silly audit report     },
74 silly audit report     {
74 silly audit report       id: 1115551,
74 silly audit report       url: 'https://github.com/advisories/GHSA-3v7f-55p6-f55p',
74 silly audit report       title: 'Picomatch: Method Injection in POSIX Character Classes causes incorrect Glob Matching',
74 silly audit report       severity: 'moderate',
74 silly audit report       vulnerable_versions: '>=4.0.0 <4.0.4',
74 silly audit report       cwe: [Array],
74 silly audit report       cvss: [Object]
74 silly audit report     },
74 silly audit report     {
74 silly audit report       id: 1115552,
74 silly audit report       url: 'https://github.com/advisories/GHSA-c2c7-rcm5-vvqj',
74 silly audit report       title: 'Picomatch has a ReDoS vulnerability via extglob quantifiers',
74 silly audit report       severity: 'high',
74 silly audit report       vulnerable_versions: '<2.3.2',
74 silly audit report       cwe: [Array],
74 silly audit report       cvss: [Object]
74 silly audit report     },
74 silly audit report     {
74 silly audit report       id: 1115554,
74 silly audit report       url: 'https://github.com/advisories/GHSA-c2c7-rcm5-vvqj',
74 silly audit report       title: 'Picomatch has a ReDoS vulnerability via extglob quantifiers',
74 silly audit report       severity: 'high',
74 silly audit report       vulnerable_versions: '>=4.0.0 <4.0.4',
74 silly audit report       cwe: [Array],
74 silly audit report       cvss: [Object]
74 silly audit report     }
74 silly audit report   ],
74 silly audit report   sharp: [
74 silly audit report     {
74 silly audit report       id: 1124066,
74 silly audit report       url: 'https://github.com/advisories/GHSA-f88m-g3jw-g9cj',
74 silly audit report       title: 'sharp inherited vulnerabilities in libvips: CVE-2026-33327, CVE-2026-33328, CVE-2026-35590, CVE-2026-35591',
74 silly audit report       severity: 'high',
74 silly audit report       vulnerable_versions: '<0.35.0',
74 silly audit report       cwe: [Array],
74 silly audit report       cvss: [Object]
74 silly audit report     }
74 silly audit report   ],
74 silly audit report   tar: [
74 silly audit report     {
74 silly audit report       id: 1112659,
74 silly audit report       url: 'https://github.com/advisories/GHSA-34x7-hfp2-rc4v',
74 silly audit report       title: 'node-tar Vulnerable to Arbitrary File Creation/Overwrite via Hardlink Path Traversal',
74 silly audit report       severity: 'high',
74 silly audit report       vulnerable_versions: '<7.5.7',
74 silly audit report       cwe: [Array],
74 silly audit report       cvss: [Object]
74 silly audit report     },
74 silly audit report     {
74 silly audit report       id: 1113300,
74 silly audit report       url: 'https://github.com/advisories/GHSA-8qq5-rm4j-mr97',
74 silly audit report       title: 'node-tar is Vulnerable to Arbitrary File Overwrite and Symlink Poisoning via Insufficient Path Sanitization',
74 silly audit report       severity: 'high',
74 silly audit report       vulnerable_versions: '<=7.5.2',
74 silly audit report       cwe: [Array],
74 silly audit report       cvss: [Object]
74 silly audit report     },
74 silly audit report     {
74 silly audit report       id: 1113375,
74 silly audit report       url: 'https://github.com/advisories/GHSA-83g3-92jg-28cx',
74 silly audit report       title: 'Arbitrary File Read/Write via Hardlink Target Escape Through Symlink Chain in node-tar Extraction',
74 silly audit report       severity: 'high',
74 silly audit report       vulnerable_versions: '<7.5.8',
74 silly audit report       cwe: [Array],
74 silly audit report       cvss: [Object]
74 silly audit report     },
74 silly audit report     {
74 silly audit report       id: 1114200,
74 silly audit report       url: 'https://github.com/advisories/GHSA-qffp-2rhf-9h96',
74 silly audit report       title: 'tar has Hardlink Path Traversal via Drive-Relative Linkpath',
74 silly audit report       severity: 'high',
74 silly audit report       vulnerable_versions: '<=7.5.9',
74 silly audit report       cwe: [Array],
74 silly audit report       cvss: [Object]
74 silly audit report     },
74 silly audit report     {
74 silly audit report       id: 1114302,
74 silly audit report       url: 'https://github.com/advisories/GHSA-9ppj-qmqm-q256',
74 silly audit report       title: 'node-tar Symlink Path Traversal via Drive-Relative Linkpath',
74 silly audit report       severity: 'high',
74 silly audit report       vulnerable_versions: '<=7.5.10',
74 silly audit report       cwe: [Array],
74 silly audit report       cvss: [Object]
74 silly audit report     },
74 silly audit report     {
74 silly audit report       id: 1120782,
74 silly audit report       url: 'https://github.com/advisories/GHSA-vmf3-w455-68vh',
74 silly audit report       title: 'node-tar applies PAX size override to intermediary GNU long-name/long-link headers, causing tar parser interpretation differential (file smuggling)',
74 silly audit report       severity: 'moderate',
74 silly audit report       vulnerable_versions: '<=7.5.15',
74 silly audit report       cwe: [Array],
74 silly audit report       cvss: [Object]
74 silly audit report     },
74 silly audit report     {
74 silly audit report       id: 1114680,
74 silly audit report       url: 'https://github.com/advisories/GHSA-r6q2-hw4h-h46w',
74 silly audit report       title: 'Race Condition in node-tar Path Reservations via Unicode Ligature Collisions on macOS APFS',
74 silly audit report       severity: 'high',
74 silly audit report       vulnerable_versions: '<=7.5.3',
74 silly audit report       cwe: [Array],
74 silly audit report       cvss: [Object]
74 silly audit report     },
74 silly audit report     {
74 silly audit report       id: 1123939,
74 silly audit report       url: 'https://github.com/advisories/GHSA-w8wr-v893-vjvp',
74 silly audit report       title: 'node-tar: Process crash via PAX numeric path type confusion',
74 silly audit report       severity: 'moderate',
74 silly audit report       vulnerable_versions: '<=7.5.17',
74 silly audit report       cwe: [Array],
74 silly audit report       cvss: [Object]
74 silly audit report     },
74 silly audit report     {
74 silly audit report       id: 1123940,
74 silly audit report       url: 'https://github.com/advisories/GHSA-23hp-3jrh-7fpw',
74 silly audit report       title: 'node-tar: Decompression/parse DoS via unlimited input',
74 silly audit report       severity: 'critical',
74 silly audit report       vulnerable_versions: '<=7.5.18',
74 silly audit report       cwe: [Array],
74 silly audit report       cvss: [Object]
74 silly audit report     },
74 silly audit report     {
74 silly audit report       id: 1123941,
74 silly audit report       url: 'https://github.com/advisories/GHSA-8x88-c5mf-7j5w',
74 silly audit report       title: 'node-tar: Negative tar entry size causes infinite loop in archive replace',
74 silly audit report       severity: 'high',
74 silly audit report       vulnerable_versions: '<=7.5.17',
74 silly audit report       cwe: [Array],
74 silly audit report       cvss: [Object]
74 silly audit report     },
74 silly audit report     {
74 silly audit report       id: 1123942,
74 silly audit report       url: 'https://github.com/advisories/GHSA-gvwx-54wh-qm9j',
74 silly audit report       title: 'node-tar: Uncaught Exception DoS via NUL byte in PAX path/linkpath records',
74 silly audit report       severity: 'moderate',
74 silly audit report       vulnerable_versions: '<=7.5.16',
74 silly audit report       cwe: [Array],
74 silly audit report       cvss: [Object]
74 silly audit report     },
74 silly audit report     {
74 silly audit report       id: 1145647,
74 silly audit report       url: 'https://github.com/advisories/GHSA-r292-9mhp-454m',
74 silly audit report       title: 'node-tar: Uncontrolled recursion in mapHas/filesFilter allows uncatchable stack-overflow DoS via crafted long-path tar with member selection',
74 silly audit report       severity: 'high',
74 silly audit report       vulnerable_versions: '<=7.5.20',
74 silly audit report       cwe: [Array],
74 silly audit report       cvss: [Object]
74 silly audit report     }
74 silly audit report   ]
74 silly audit report }
75 silly packumentCache corgi:https://registry.npmjs.org/brace-expansion cache-miss
76 silly packumentCache corgi:https://registry.npmjs.org/minimatch cache-miss
77 silly packumentCache corgi:https://registry.npmjs.org/ajv cache-miss
78 silly packumentCache corgi:https://registry.npmjs.org/flatted cache-miss
79 silly packumentCache corgi:https://registry.npmjs.org/js-yaml cache-miss
80 silly packumentCache corgi:https://registry.npmjs.org/nanoid cache-miss
81 silly packumentCache corgi:https://registry.npmjs.org/next cache-miss
82 silly packumentCache corgi:https://registry.npmjs.org/postcss cache-miss
83 silly packumentCache corgi:https://registry.npmjs.org/picomatch cache-miss
84 silly packumentCache corgi:https://registry.npmjs.org/sharp cache-miss
85 silly packumentCache corgi:https://registry.npmjs.org/tar cache-miss
86 http fetch GET 200 https://registry.npmjs.org/brace-expansion 462ms (cache miss)
87 silly packumentCache corgi:https://registry.npmjs.org/brace-expansion set size:undefined disposed:false
88 http fetch GET 200 https://registry.npmjs.org/js-yaml 488ms (cache miss)
89 silly packumentCache corgi:https://registry.npmjs.org/js-yaml set size:undefined disposed:false
90 http fetch GET 200 https://registry.npmjs.org/@radix-ui/react-compose-refs/-/react-compose-refs-1.1.5.tgz 972ms (cache miss)
91 http fetch GET 200 https://registry.npmjs.org/minimatch 600ms (cache miss)
92 silly packumentCache corgi:https://registry.npmjs.org/minimatch set size:undefined disposed:false
93 http fetch GET 200 https://registry.npmjs.org/clsx/-/clsx-2.1.1.tgz 1065ms (cache miss)
94 http fetch GET 200 https://registry.npmjs.org/flatted 682ms (cache miss)
95 silly packumentCache corgi:https://registry.npmjs.org/flatted set size:undefined disposed:false
96 http fetch GET 200 https://registry.npmjs.org/class-variance-authority/-/class-variance-authority-0.7.1.tgz 1079ms (cache miss)
97 http fetch GET 200 https://registry.npmjs.org/@radix-ui/react-slot/-/react-slot-1.3.3.tgz 1056ms (cache miss)
98 http fetch GET 200 https://registry.npmjs.org/picomatch 731ms (cache miss)
99 silly packumentCache corgi:https://registry.npmjs.org/picomatch set size:undefined disposed:false
100 http fetch GET 200 https://registry.npmjs.org/nanoid 861ms (cache miss)
101 silly packumentCache corgi:https://registry.npmjs.org/nanoid set size:undefined disposed:false
102 http fetch GET 200 https://registry.npmjs.org/tar 862ms (cache miss)
103 silly packumentCache corgi:https://registry.npmjs.org/tar set size:undefined disposed:false
104 http fetch GET 200 https://registry.npmjs.org/ajv 982ms (cache miss)
105 silly packumentCache corgi:https://registry.npmjs.org/ajv set size:undefined disposed:false
106 http fetch GET 200 https://registry.npmjs.org/sharp 1006ms (cache miss)
107 silly packumentCache corgi:https://registry.npmjs.org/sharp set size:undefined disposed:false
108 http fetch GET 200 https://registry.npmjs.org/postcss 1046ms (cache miss)
109 silly packumentCache corgi:https://registry.npmjs.org/postcss set size:undefined disposed:false
110 http fetch GET 200 https://registry.npmjs.org/tailwind-merge/-/tailwind-merge-3.6.0.tgz 1688ms (cache miss)
111 http fetch GET 200 https://registry.npmjs.org/next 2244ms (cache miss)
112 silly packumentCache corgi:https://registry.npmjs.org/next set size:undefined disposed:false
113 silly packumentCache corgi:https://registry.npmjs.org/@eslint%2fconfig-array cache-miss
114 silly packumentCache corgi:https://registry.npmjs.org/@eslint%2feslintrc cache-miss
115 silly packumentCache corgi:https://registry.npmjs.org/eslint cache-miss
116 silly packumentCache corgi:https://registry.npmjs.org/eslint-plugin-import cache-miss
117 silly packumentCache corgi:https://registry.npmjs.org/eslint-plugin-jsx-a11y cache-miss
118 silly packumentCache corgi:https://registry.npmjs.org/eslint-plugin-react cache-miss
119 http fetch GET 200 https://registry.npmjs.org/@eslint%2fconfig-array 208ms (cache miss)
120 silly packumentCache corgi:https://registry.npmjs.org/@eslint%2fconfig-array set size:undefined disposed:false
121 http fetch GET 200 https://registry.npmjs.org/eslint-plugin-jsx-a11y 212ms (cache miss)
122 silly packumentCache corgi:https://registry.npmjs.org/eslint-plugin-jsx-a11y set size:undefined disposed:false
123 http fetch GET 200 https://registry.npmjs.org/@eslint%2feslintrc 227ms (cache miss)
124 silly packumentCache corgi:https://registry.npmjs.org/@eslint%2feslintrc set size:undefined disposed:false
125 http fetch GET 200 https://registry.npmjs.org/eslint-plugin-import 232ms (cache miss)
126 silly packumentCache corgi:https://registry.npmjs.org/eslint-plugin-import set size:undefined disposed:false
127 http fetch GET 200 https://registry.npmjs.org/eslint 349ms (cache miss)
128 silly packumentCache corgi:https://registry.npmjs.org/eslint set size:undefined disposed:false
129 http fetch GET 200 https://registry.npmjs.org/eslint-plugin-react 449ms (cache miss)
130 silly packumentCache corgi:https://registry.npmjs.org/eslint-plugin-react set size:undefined disposed:false
131 silly packumentCache corgi:https://registry.npmjs.org/@typescript-eslint%2ftypescript-estree cache-miss
132 http fetch GET 200 https://registry.npmjs.org/@typescript-eslint%2ftypescript-estree 441ms (cache miss)
133 silly packumentCache corgi:https://registry.npmjs.org/@typescript-eslint%2ftypescript-estree set size:undefined disposed:false
134 silly packumentCache corgi:https://registry.npmjs.org/flat-cache cache-miss
135 http fetch GET 200 https://registry.npmjs.org/flat-cache 120ms (cache miss)
136 silly packumentCache corgi:https://registry.npmjs.org/flat-cache set size:undefined disposed:false
137 silly packumentCache corgi:https://registry.npmjs.org/@tailwindcss%2fpostcss cache-miss
138 http fetch GET 200 https://registry.npmjs.org/@tailwindcss%2fpostcss 671ms (cache miss)
139 silly packumentCache corgi:https://registry.npmjs.org/@tailwindcss%2fpostcss set size:undefined disposed:false
140 silly packumentCache corgi:https://registry.npmjs.org/micromatch cache-miss
141 http fetch GET 200 https://registry.npmjs.org/micromatch 80ms (cache miss)
142 silly packumentCache corgi:https://registry.npmjs.org/micromatch set size:undefined disposed:false
143 silly packumentCache corgi:https://registry.npmjs.org/tinyglobby cache-miss
144 silly packumentCache corgi:https://registry.npmjs.org/fdir cache-miss
145 http fetch GET 200 https://registry.npmjs.org/tinyglobby 75ms (cache miss)
146 silly packumentCache corgi:https://registry.npmjs.org/tinyglobby set size:undefined disposed:false
147 http fetch GET 200 https://registry.npmjs.org/fdir 81ms (cache miss)
148 silly packumentCache corgi:https://registry.npmjs.org/fdir set size:undefined disposed:false
149 silly packumentCache corgi:https://registry.npmjs.org/@tailwindcss%2foxide cache-miss
150 http fetch GET 200 https://registry.npmjs.org/@tailwindcss%2foxide 492ms (cache miss)
151 silly packumentCache corgi:https://registry.npmjs.org/@tailwindcss%2foxide set size:undefined disposed:false
152 silly ADD node_modules/@radix-ui/react-compose-refs
153 silly ADD node_modules/tailwind-merge
154 silly ADD node_modules/clsx
155 silly ADD node_modules/class-variance-authority
156 silly ADD node_modules/@radix-ui/react-slot
157 warn install-scripts 3 packages had install scripts blocked because they are not covered by allowScripts:
157 warn install-scripts   @tailwindcss/oxide@4.1.11 (postinstall: node ./scripts/install.js)
157 warn install-scripts   sharp@0.34.5 (install: node install/check.js || npm run build)
157 warn install-scripts   unrs-resolver@1.11.1 (postinstall: napi-postinstall unrs-resolver 1.11.1 check)
157 warn install-scripts
157 warn install-scripts Run `npm install-scripts ls` to review, or `npm install-scripts approve <pkg>` to allow.
158 verbose cwd C:\Projects\Portfolio
159 verbose os Windows_NT 10.0.26200
160 verbose node v24.19.0
161 verbose npm  v12.0.2
162 verbose exit 0
163 info ok
